============================= test session starts =============================
platform win32 -- Python 3.11.0, pytest-9.1.1, pluggy-1.6.0 -- C:\Users\Tejas\Desktop\Edme\ims-backend\.venv\Scripts\python.exe
cachedir: .pytest_cache
rootdir: C:\Users\Tejas\Desktop\Edme\ims-backend
plugins: anyio-4.15.1, asyncio-1.4.0
asyncio: mode=Mode.STRICT, debug=False, asyncio_default_fixture_loop_scope=None, asyncio_default_test_loop_scope=function
collecting ... collected 0 items / 1 error

=================================== ERRORS ====================================
____________________ ERROR collecting tests/test_audit.py _____________________
ImportError while importing test module 'C:\Users\Tejas\Desktop\Edme\ims-backend\tests\test_audit.py'.
Hint: make sure your test modules/packages have valid Python names.
Traceback:
..\..\..\AppData\Local\Programs\Python\Python311\Lib\importlib\__init__.py:126: in import_module
    return _bootstrap._gcd_import(name[level:], package, level)
           ^^^^^^^^^^^^^^^^^^^^^^^^^^^^^^^^^^^^^^^^^^^^^^^^^^^^
tests\test_audit.py:15: in <module>
    from audit_helper import write_audit_event   # noqa: F401  RED: no module
    ^^^^^^^^^^^^^^^^^^^^^^^^^^^^^^^^^^^^^^^^^^
E   ModuleNotFoundError: No module named 'audit_helper'
============================== warnings summary ===============================
.venv\Lib\site-packages\fastapi\testclient.py:1
  C:\Users\Tejas\Desktop\Edme\ims-backend\.venv\Lib\site-packages\fastapi\testclient.py:1: StarletteDeprecationWarning: Using `httpx` with `starlette.testclient` is deprecated; install `httpx2` instead.
    from starlette.testclient import TestClient as TestClient  # noqa

schemas.py:47
  C:\Users\Tejas\Desktop\Edme\ims-backend\schemas.py:47: PydanticDeprecatedSince20: Support for class-based `config` is deprecated, use ConfigDict instead. Deprecated in Pydantic V2.0 to be removed in V3.0. See Pydantic V2 Migration Guide at https://errors.pydantic.dev/2.13/migration/
    class ClaimResponse(BaseModel):

schemas.py:62
  C:\Users\Tejas\Desktop\Edme\ims-backend\schemas.py:62: PydanticDeprecatedSince20: Support for class-based `config` is deprecated, use ConfigDict instead. Deprecated in Pydantic V2.0 to be removed in V3.0. See Pydantic V2 Migration Guide at https://errors.pydantic.dev/2.13/migration/
    class UserPolicyResponse(BaseModel):

schemas.py:82
  C:\Users\Tejas\Desktop\Edme\ims-backend\schemas.py:82: PydanticDeprecatedSince20: Support for class-based `config` is deprecated, use ConfigDict instead. Deprecated in Pydantic V2.0 to be removed in V3.0. See Pydantic V2 Migration Guide at https://errors.pydantic.dev/2.13/migration/
    class AdminLogResponse(BaseModel):

-- Docs: https://docs.pytest.org/en/stable/how-to/capture-warnings.html
=========================== short test summary info ===========================
ERROR tests/test_audit.py
!!!!!!!!!!!!!!!!!!! Interrupted: 1 error during collection !!!!!!!!!!!!!!!!!!!!
======================== 4 warnings, 1 error in 0.46s =========================
